<?xml version="1.0" encoding="UTF-8"?>
<testsuites>
    <testsuite name="systembolaget-projekt;search-for-&quot;anchor-steam&quot;-på-systemboget" tests="3" failures="1" skipped="2">
        <properties>
            <property name="URI" value="/Users/Bahram/Desktop/System Bolaget/features/search-systembolaget.feature">
            </property>
        </properties>
        <testcase name="Given that I am on the page www.systembolaget.se" classname="systembolaget-projekt;search-for-&quot;anchor-steam&quot;-på-systemboget" time="15.004761005">
            <failure message="function timed out after 15000 milliseconds">function timed out after 15000 milliseconds</failure>
        </testcase>
        <testcase name="When I search for &quot;anchor steam&quot;" classname="systembolaget-projekt;search-for-&quot;anchor-steam&quot;-på-systemboget">
            <skipped message="">
            </skipped>
        </testcase>
        <testcase name="Then the products text contains &quot;Maltig, fruktig smak med inslag av torkade aprikoser&quot;" classname="systembolaget-projekt;search-for-&quot;anchor-steam&quot;-på-systemboget">
            <skipped message="">
            </skipped>
        </testcase>
    </testsuite>
    <testsuite name="systembolaget-projekt;search-for-&quot;ballast&quot;-på-systemboget" tests="3" failures="1" skipped="2">
        <properties>
            <property name="URI" value="/Users/Bahram/Desktop/System Bolaget/features/search-systembolaget.feature">
            </property>
        </properties>
        <testcase name="Given that I am on the page www.systembolaget.se" classname="systembolaget-projekt;search-for-&quot;ballast&quot;-på-systemboget" time="15.000310985">
            <failure message="function timed out after 15000 milliseconds">function timed out after 15000 milliseconds</failure>
        </testcase>
        <testcase name="When I search for &quot;ballast&quot;" classname="systembolaget-projekt;search-for-&quot;ballast&quot;-på-systemboget">
            <skipped message="">
            </skipped>
        </testcase>
        <testcase name="Then the products list contains several products" classname="systembolaget-projekt;search-for-&quot;ballast&quot;-på-systemboget">
            <skipped message="">
            </skipped>
        </testcase>
    </testsuite>
    <testsuite name="systembolaget-projekt;hitta-systembolaget-i-burlövs-centrum-och-bekräfta-att-de-har-öppet-10.00-19.00-på-fredagar." tests="3" failures="1" skipped="2">
        <properties>
            <property name="URI" value="/Users/Bahram/Desktop/System Bolaget/features/search-systembolaget.feature">
            </property>
        </properties>
        <testcase name="Given that I am on the page www.systembolaget.se" classname="systembolaget-projekt;hitta-systembolaget-i-burlövs-centrum-och-bekräfta-att-de-har-öppet-10.00-19.00-på-fredagar." time="15.003740109">
            <failure message="function timed out after 15000 milliseconds">function timed out after 15000 milliseconds</failure>
        </testcase>
        <testcase name="When I search for systembolaget i &quot;Burlövs Centrum&quot;" classname="systembolaget-projekt;hitta-systembolaget-i-burlövs-centrum-och-bekräfta-att-de-har-öppet-10.00-19.00-på-fredagar.">
            <skipped message="">
            </skipped>
        </testcase>
        <testcase name="Then confirm that is open from &quot;10:00&quot; to &quot;19:00&quot; on &quot;Fredag&quot;" classname="systembolaget-projekt;hitta-systembolaget-i-burlövs-centrum-och-bekräfta-att-de-har-öppet-10.00-19.00-på-fredagar.">
            <skipped message="">
            </skipped>
        </testcase>
    </testsuite>
    <testsuite name="systembolaget-projekt;search-for-&quot;nanny-state&quot;-på-systemboget-and-add-to-shopping-cart" tests="6" failures="1" skipped="5">
        <properties>
            <property name="URI" value="/Users/Bahram/Desktop/System Bolaget/features/search-systembolaget.feature">
            </property>
        </properties>
        <testcase name="Given that I am on the page www.systembolaget.se" classname="systembolaget-projekt;search-for-&quot;nanny-state&quot;-på-systemboget-and-add-to-shopping-cart" time="15.002530975">
            <failure message="function timed out after 15000 milliseconds">function timed out after 15000 milliseconds</failure>
        </testcase>
        <testcase name="When I search for &quot;Nanny state&quot;" classname="systembolaget-projekt;search-for-&quot;nanny-state&quot;-på-systemboget-and-add-to-shopping-cart">
            <skipped message="">
            </skipped>
        </testcase>
        <testcase name="Then put it in the shopping cart," classname="systembolaget-projekt;search-for-&quot;nanny-state&quot;-på-systemboget-and-add-to-shopping-cart">
            <skipped message="">
            </skipped>
        </testcase>
        <testcase name="And go to the shopping cart," classname="systembolaget-projekt;search-for-&quot;nanny-state&quot;-på-systemboget-and-add-to-shopping-cart">
            <skipped message="">
            </skipped>
        </testcase>
        <testcase name="And enter the shop &quot;Hansa&quot;" classname="systembolaget-projekt;search-for-&quot;nanny-state&quot;-på-systemboget-and-add-to-shopping-cart">
            <skipped message="">
            </skipped>
        </testcase>
        <testcase name="And and confirm that there are more than 10 copies in this store." classname="systembolaget-projekt;search-for-&quot;nanny-state&quot;-på-systemboget-and-add-to-shopping-cart">
            <skipped message="">
            </skipped>
        </testcase>
    </testsuite>
</testsuites>